// Jest Snapshot v1, https://goo.gl/fbAQLP

exports[`pruebas en GifItem debe de hacer match con el snapsho 1`] = `
<div>
  <div
    class="card"
  >
    <img
      alt="JULIAN"
      src="https://one-punch.com/julian.jpg"
    />
    <p>
      JULIAN
    </p>
  </div>
</div>
`;
